
                                                                21-MAR-1997 23:37        Linker A11-14                    Page    1
                                             +------------------------+
                                             ! Object Module Synopsis !
                                             +------------------------+
Module Name     Ident              Bytes      File                                Creation Date      Creator
-----------     -----              -----      -----                               -------------      -------
STICS_PHA_TREND                    216387 STICS_PHA_TREND.OBJ;22               21-MAR-1997 23:37  DEC Fortran V6.2-508
DPU_EQ                                300 [WIND.SOFTWARE.STICS]DPU_EQ.OBJ;6    16-JAN-1997 01:12  DEC Fortran V6.2-508
MMPQ_DPU_WSTICS                      1936 MMPQ_DPU_WSTICS.OBJ;15               16-JAN-1997 01:12  DEC Fortran V6.2-508
DISSECT_STICS_PHA              
                                      604 DISSECT_STICS_PHA.OBJ;7              16-JAN-1997 01:13  DEC Fortran V6.2-508
SMS_MASS_SPEED                      71070 SMS_MASS_SPEED.OBJ;18                16-JAN-1997 01:13  DEC Fortran V6.2-508
MRQMIN                               3292 [WIND.SOFTWARE.STICS]MRQMIN_SW.OBJ;2 16-JAN-1997 01:13  DEC Fortran V6.2-508
MRQCOF                               2448 [WIND.SOFTWARE.STICS]MRQCOF_SW.OBJ;2 16-JAN-1997 01:13  DEC Fortran V6.2-508
COVSRT                               1724 [WIND.SOFTWARE.STICS]COVSRT_SW.OBJ;2 16-JAN-1997 01:13  DEC Fortran V6.2-508
GAUSSJ                               4452 [WIND.SOFTWARE.STICS]GAUSSJ_SW.OBJ;2 16-JAN-1997 01:13  DEC Fortran V6.2-508
ION_IDENTIFIER                       1752 ION_IDENTIFIER.OBJ;12                15-JAN-1997 13:38  DEC Fortran V6.2-508
VOLTAGE_CHECK                        1528 VOLTAGE_CHECK.OBJ;12                 15-JAN-1997 13:38  DEC Fortran V6.2-508
WSTICSEFF                            3988 [WIND.SOFTWARE.STICS]WSTICSEFF.OBJ;9 15-JAN-1997 13:38  DEC Fortran V6.2-508
COMPARE_TIME                         1400 SMS1:[WIND.LIB]L1LIB.OLB;24          21-APR-1995 16:14  DEC Fortran V6.2-508
WIND_DECOMPRESS                      1544 SMS1:[WIND.LIB]L1LIB.OLB;24          21-APR-1995 16:15  DEC Fortran V6.2-508
WIND_L1_CLOSE   1.1               3189560 SMS1:[WIND.LIB]L1LIB.OLB;24          21-APR-1995 16:15  DEC Fortran V6.2-508
WIND_L1_GET_BASIC              
                1.0               3189080 SMS1:[WIND.LIB]L1LIB.OLB;24          21-APR-1995 16:15  DEC Fortran V6.2-508
WIND_L1_GET_HDB 1.0               3189068 SMS1:[WIND.LIB]L1LIB.OLB;24          21-APR-1995 16:15  DEC Fortran V6.2-508
WIND_L1_GET_MASS               
                1.0               3189184 SMS1:[WIND.LIB]L1LIB.OLB;24          21-APR-1995 16:15  DEC Fortran V6.2-508
WIND_L1_GET_STICS              
                1.0               3189188 SMS1:[WIND.LIB]L1LIB.OLB;24          21-APR-1995 16:15  DEC Fortran V6.2-508
WIND_L1_OPEN    1.7               3192751 SMS1:[WIND.LIB]L1LIB.OLB;24          21-APR-1995 16:15  DEC Fortran V6.2-508
WIND_L1_OPEN_NEXT              
                1.2               3192834 SMS1:[WIND.LIB]L1LIB.OLB;24          21-APR-1995 16:15  DEC Fortran V6.2-508
WIND_L1_READ_SR 1.11              3211675 SMS1:[WIND.LIB]L1LIB.OLB;24          21-APR-1995 16:15  DEC Fortran V6.2-508
WINDMSG         0                     891 SMS1:[WIND.LIB]L1LIB.OLB;24          21-APR-1995 16:15  Message A02-10
CNVRT_T_YRMONDAY_TO_YEARDAY    
                                      252 SMS1:[WIND.LIB]WIND_LIB.OLB;5        21-APR-1995 15:26  DEC Fortran V6.2-508
WIND_GET_FILENAME              
                1.6                  2880 SMS1:[WIND.LIB]WIND_LIB.OLB;5        21-APR-1995 15:27  DEC Fortran V6.2-508
CNVRT_YRMONDAY_TO_YEARDAY      
                                      344 SMS1:[WIND.LIB]WIND_LIB.OLB;5        21-APR-1995 15:26  DEC Fortran V6.2-508
SELECT_FILE     1.4                115888 SMS1:[WIND.LIB]WIND_LIB.OLB;5        16-JAN-1996 14:57  DEC Fortran V6.2-508
TICHAR                                948 SMS1:[WIND.LIB]XTI_LIB.OLB;2         16-DEC-1994 12:52  DEC Fortran V6.2-508
TILOG                                1136 SMS1:[WIND.LIB]XTI_LIB.OLB;2         16-DEC-1994 12:52  DEC Fortran V6.2-508
TIXENT                               3376 SMS1:[WIND.LIB]XTI_LIB.OLB;2         16-DEC-1994 12:53  DEC Fortran V6.2-508
TIXDRC                                488 SMS1:[WIND.LIB]XTI_LIB.OLB;2         16-DEC-1994 12:53  DEC Fortran V6.2-508
TIXEIL                                908 SMS1:[WIND.LIB]XTI_LIB.OLB;2         16-DEC-1994 12:53  DEC Fortran V6.2-508
TIXLRN                               2240 SMS1:[WIND.LIB]XTI_LIB.OLB;2         16-DEC-1994 12:53  DEC Fortran V6.2-508
CHCCSP                                964 SMS1:[GRPLIB]UMDCOMMON.OLB;3          9-DEC-1994 16:14  DEC Fortran V6.2-508
VXDCL                                 288 SMS1:[GRPLIB]UMDCOMMON.OLB;3          9-DEC-1994 16:35  DEC Fortran V6.2-508
                                            +--------------------------+
                                            ! Program Section Synopsis !
                                            +--------------------------+
Psect Name      Module Name       Base     End           Length            Align                 Attributes

SMS1:[WIND.SOFTWARE.STICS]STICS_PHA_TREND.EXE;25                21-MAR-1997 23:37        Linker A11-14                    Page    2
----------      -----------       ----     ---           ------            -----                 ----------
$LINK$                          00010000 0001292F 00002930 (      10544.) OCTA  4 NOPIC,CON,REL,LCL,NOSHR,NOEXE,NOWRT,NOVEC,  MOD 
                STICS_PHA_TREND 00010000 00010A02 00000A03 (       2563.) OCTA  4
                DPU_EQ          00010A10 00010A53 00000044 (         68.) OCTA  4
                MMPQ_DPU_WSTICS 00010A60 00010B63 00000104 (        260.) OCTA  4
                DISSECT_STICS_PHA                      
                                00010B70 00010BDF 00000070 (        112.) OCTA  4
                SMS_MASS_SPEED  00010BE0 00010E61 00000282 (        642.) OCTA  4
                MRQMIN          00010E70 00010F1F 000000B0 (        176.) OCTA  4
                MRQCOF          00010F20 00010F4B 0000002C (         44.) OCTA  4
                COVSRT          00010F50 00010F6F 00000020 (         32.) OCTA  4
                GAUSSJ          00010F70 00010F9F 00000030 (         48.) OCTA  4
                ION_IDENTIFIER  00010FA0 000110B3 00000114 (        276.) OCTA  4
                VOLTAGE_CHECK   000110C0 000110F7 00000038 (         56.) OCTA  4
                WSTICSEFF       00011100 00011233 00000134 (        308.) OCTA  4
                COMPARE_TIME    00011240 000113DF 000001A0 (        416.) OCTA  4
                WIND_DECOMPRESS 000113E0 00011457 00000078 (        120.) OCTA  4
                WIND_L1_CLOSE   00011460 000114EF 00000090 (        144.) OCTA  4
                WIND_L1_GET_BASIC                      
                                000114F0 00011517 00000028 (         40.) OCTA  4
                WIND_L1_GET_HDB 00011520 00011547 00000028 (         40.) OCTA  4
                WIND_L1_GET_MASS                       
                                00011550 0001157F 00000030 (         48.) OCTA  4
                WIND_L1_GET_STICS                      
                                00011580 000115B7 00000038 (         56.) OCTA  4
                WIND_L1_OPEN    000115C0 0001197E 000003BF (        959.) OCTA  4
                WIND_L1_OPEN_NEXT                      
                                00011980 00011B35 000001B6 (        438.) OCTA  4
                WIND_L1_READ_SR 00011B40 00011CD2 00000193 (        403.) OCTA  4
                CNVRT_T_YRMONDAY_TO_YEARDAY            
                                00011CE0 00011D17 00000038 (         56.) OCTA  4
                WIND_GET_FILENAME                      
                                00011D20 00011F1F 00000200 (        512.) OCTA  4
                CNVRT_YRMONDAY_TO_YEARDAY              
                                00011F20 00011F3F 00000020 (         32.) OCTA  4
                SELECT_FILE     00011F40 0001220F 000002D0 (        720.) OCTA  4
                TICHAR          00012210 000122A3 00000094 (        148.) OCTA  4
                TILOG           000122B0 000123AF 00000100 (        256.) OCTA  4
                TIXENT          000123B0 00012597 000001E8 (        488.) OCTA  4
                TIXDRC          000125A0 00012617 00000078 (        120.) OCTA  4
                TIXEIL          00012620 000126AF 00000090 (        144.) OCTA  4
                TIXLRN          000126B0 0001283B 0000018C (        396.) OCTA  4
                CHCCSP          00012840 000128E7 000000A8 (        168.) OCTA  4
                VXDCL           000128F0 0001292F 00000040 (         64.) OCTA  4
$DATA$                          00020000 0002062F 00000630 (       1584.) OCTA  4 NOPIC,CON,REL,LCL,NOSHR,NOEXE,  WRT,NOVEC,  MOD 
                STICS_PHA_TREND 00020000 00020467 00000468 (       1128.) OCTA  4
                DPU_EQ          00020470 00020477 00000008 (          8.) OCTA  4
                WSTICSEFF       00020480 0002054F 000000D0 (        208.) OCTA  4
                WIND_L1_OPEN    00020550 00020553 00000004 (          4.) OCTA  4
                WIND_L1_OPEN_NEXT                      
                                00020560 000205BF 00000060 (         96.) OCTA  4
                WIND_GET_FILENAME                      
                                000205C0 000205C3 00000004 (          4.) OCTA  4
                CNVRT_YRMONDAY_TO_YEARDAY              
                                000205D0 0002062F 00000060 (         96.) OCTA  4

SMS1:[WIND.SOFTWARE.STICS]STICS_PHA_TREND.EXE;25                21-MAR-1997 23:37        Linker A11-14                    Page    3
Psect Name      Module Name       Base     End           Length            Align                 Attributes
----------      -----------       ----     ---           ------            -----                 ----------
$IODATA$                        00020630 00021CCF 000016A0 (       5792.) OCTA  4 NOPIC,CON,REL,LCL,NOSHR,NOEXE,  WRT,NOVEC,  MOD 
                STICS_PHA_TREND 00020630 0002155F 00000F30 (       3888.) OCTA  4
                SMS_MASS_SPEED  00021560 000216A7 00000148 (        328.) OCTA  4
                WSTICSEFF       000216B0 000216D3 00000024 (         36.) OCTA  4
                WIND_L1_CLOSE   000216E0 00021727 00000048 (         72.) OCTA  4
                WIND_L1_OPEN    00021730 00021783 00000054 (         84.) OCTA  4
                WIND_L1_OPEN_NEXT                      
                                00021790 000217B7 00000028 (         40.) OCTA  4
                WIND_L1_READ_SR 000217C0 000217DB 0000001C (         28.) OCTA  4
                WIND_GET_FILENAME                      
                                000217E0 0002180F 00000030 (         48.) OCTA  4
                SELECT_FILE     00021810 00021847 00000038 (         56.) OCTA  4
                TICHAR          00021850 000218A7 00000058 (         88.) OCTA  4
                TILOG           000218B0 000218EB 0000003C (         60.) OCTA  4
                TIXENT          000218F0 00021B63 00000274 (        628.) OCTA  4
                TIXDRC          00021B70 00021B8B 0000001C (         28.) OCTA  4
                TIXEIL          00021B90 00021BB7 00000028 (         40.) OCTA  4
                TIXLRN          00021BC0 00021CCB 0000010C (        268.) OCTA  4
L1INFO2                         00021CD0 00024FC1 000032F2 (      13042.) OCTA  4 NOPIC,OVR,REL,GBL,NOSHR,NOEXE,  WRT,NOVEC,  MOD 
                WIND_L1_CLOSE   00021CD0 00024FC1 000032F2 (      13042.) OCTA  4
                WIND_L1_GET_BASIC                      
                                00021CD0 00024FC1 000032F2 (      13042.) OCTA  4
                WIND_L1_GET_HDB 00021CD0 00024FC1 000032F2 (      13042.) OCTA  4
                WIND_L1_GET_MASS                       
                                00021CD0 00024FC1 000032F2 (      13042.) OCTA  4
                WIND_L1_GET_STICS                      
                                00021CD0 00024FC1 000032F2 (      13042.) OCTA  4
                WIND_L1_OPEN    00021CD0 00024FC1 000032F2 (      13042.) OCTA  4
                WIND_L1_OPEN_NEXT                      
                                00021CD0 00024FC1 000032F2 (      13042.) OCTA  4
                WIND_L1_READ_SR 00021CD0 00024FC1 000032F2 (      13042.) OCTA  4
L1_HEADERS                      00024FD0 00025253 00000284 (        644.) OCTA  4 NOPIC,OVR,REL,GBL,NOSHR,NOEXE,  WRT,NOVEC,  MOD 
                STICS_PHA_TREND 00024FD0 00025253 00000284 (        644.) OCTA  4
                SMS_MASS_SPEED  00024FD0 00025253 00000284 (        644.) OCTA  4
                WIND_L1_CLOSE   00024FD0 00025253 00000284 (        644.) OCTA  4
                WIND_L1_GET_BASIC                      
                                00024FD0 00025253 00000284 (        644.) OCTA  4
                WIND_L1_GET_HDB 00024FD0 00025253 00000284 (        644.) OCTA  4
                WIND_L1_GET_MASS                       
                                00024FD0 00025253 00000284 (        644.) OCTA  4
                WIND_L1_GET_STICS                      
                                00024FD0 00025253 00000284 (        644.) OCTA  4
                WIND_L1_OPEN    00024FD0 00025253 00000284 (        644.) OCTA  4
                WIND_L1_OPEN_NEXT                      
                                00024FD0 00025253 00000284 (        644.) OCTA  4
                WIND_L1_READ_SR 00024FD0 00025253 00000284 (        644.) OCTA  4
$CODE$                          00030000 00043E5F 00013E60 (      81504.) OCTA  4   PIC,CON,REL,LCL,  SHR,  EXE,NOWRT,NOVEC,  MOD 
                STICS_PHA_TREND 00030000 0003726F 00007270 (      29296.) OCTA  4
                DPU_EQ          00037270 0003734F 000000E0 (        224.) OCTA  4
                MMPQ_DPU_WSTICS 00037350 0003799B 0000064C (       1612.) OCTA  4
                DISSECT_STICS_PHA                      
                                000379A0 00037B8B 000001EC (        492.) OCTA  4

SMS1:[WIND.SOFTWARE.STICS]STICS_PHA_TREND.EXE;25                21-MAR-1997 23:37        Linker A11-14                    Page    4
Psect Name      Module Name       Base     End           Length            Align                 Attributes
----------      -----------       ----     ---           ------            -----                 ----------
$CODE$                          00030000 00043E5F 00013E60 (      81504.) OCTA  4   PIC,CON,REL,LCL,  SHR,  EXE,NOWRT,NOVEC,  MOD   
                SMS_MASS_SPEED  00037B90 0003913F 000015B0 (       5552.) OCTA  4
                MRQMIN          00039140 00039C77 00000B38 (       2872.) OCTA  4
                MRQCOF          00039C80 0003A58F 00000910 (       2320.) OCTA  4
                COVSRT          0003A590 0003AC2B 0000069C (       1692.) OCTA  4
                GAUSSJ          0003AC30 0003BB03 00000ED4 (       3796.) OCTA  4
                ION_IDENTIFIER  0003BB10 0003C0D3 000005C4 (       1476.) OCTA  4
                VOLTAGE_CHECK   0003C0E0 0003C2CF 000001F0 (        496.) OCTA  4
                WSTICSEFF       0003C2D0 0003CFCB 00000CFC (       3324.) OCTA  4
                COMPARE_TIME    0003CFD0 0003D38B 000003BC (        956.) OCTA  4
                WIND_DECOMPRESS 0003D390 0003D917 00000588 (       1416.) OCTA  4
                WIND_L1_CLOSE   0003D920 0003DAB7 00000198 (        408.) OCTA  4
                WIND_L1_GET_BASIC                      
                                0003DAC0 0003DB3B 0000007C (        124.) OCTA  4
                WIND_L1_GET_HDB 0003DB40 0003DBAF 00000070 (        112.) OCTA  4
                WIND_L1_GET_MASS                       
                                0003DBB0 0003DC8B 000000DC (        220.) OCTA  4
                WIND_L1_GET_STICS                      
                                0003DC90 0003DD67 000000D8 (        216.) OCTA  4
                WIND_L1_OPEN    0003DD70 0003E83B 00000ACC (       2764.) OCTA  4
                WIND_L1_OPEN_NEXT                      
                                0003E840 0003F3FF 00000BC0 (       3008.) OCTA  4
                WIND_L1_READ_SR 0003F400 00041247 00001E48 (       7752.) OCTA  4
                CNVRT_T_YRMONDAY_TO_YEARDAY            
                                00041250 0004130F 000000C0 (        192.) OCTA  4
                WIND_GET_FILENAME                      
                                00041310 00041AD3 000007C4 (       1988.) OCTA  4
                CNVRT_YRMONDAY_TO_YEARDAY              
                                00041AE0 00041BB7 000000D8 (        216.) OCTA  4
                SELECT_FILE     00041BC0 000426B7 00000AF8 (       2808.) OCTA  4
                TICHAR          000426C0 000428AB 000001EC (        492.) OCTA  4
                TILOG           000428B0 00042B0B 0000025C (        604.) OCTA  4
                TIXENT          00042B10 000432B7 000007A8 (       1960.) OCTA  4
                TIXDRC          000432C0 0004332F 00000070 (        112.) OCTA  4
                TIXEIL          00043330 0004351F 000001F0 (        496.) OCTA  4
                TIXLRN          00043520 00043A5B 0000053C (       1340.) OCTA  4
                CHCCSP          00043A60 00043D73 00000314 (        788.) OCTA  4
                VXDCL           00043D80 00043E5F 000000E0 (        224.) OCTA  4
MSG$AAAAAAAAAAA                 00050000 0005000F 00000010 (         16.) LONG  2   PIC,OVR,REL,LCL,NOSHR,NOEXE,NOWRT,  VEC,  MOD 
                WINDMSG         00050000 0005000F 00000010 (         16.) LONG  2
MSG$AAAAAAAAAAB                 00050010 00050013 00000004 (          4.) LONG  2   PIC,CON,REL,LCL,NOSHR,NOEXE,NOWRT,  VEC,  MOD 
                WINDMSG         00050010 00050013 00000004 (          4.) LONG  2
MSG$AAAAAAAAAAC                 00050014 00050017 00000004 (          4.) LONG  2   PIC,OVR,REL,LCL,NOSHR,NOEXE,NOWRT,  VEC,  MOD 
                WINDMSG         00050014 00050017 00000004 (          4.) LONG  2
MSG$SECTION                     00050018 0005037A 00000363 (        867.) BYTE  0   PIC,CON,REL,LCL,NOSHR,NOEXE,NOWRT,  VEC,  MOD 
                WINDMSG         00050018 0005037A 00000363 (        867.) BYTE  0
$BSS$                           00060000 000BB02F 0005B030 (     372784.) 2 **  5 NOPIC,CON,REL,LCL,NOSHR,NOEXE,  WRT,NOVEC,NOMOD 
                STICS_PHA_TREND 00060000 0008BAB3 0002BAB4 (     178868.) 2 **  5
                MMPQ_DPU_WSTICS 0008BAC0 0008BAFF 00000040 (         64.) OCTA  4
                SMS_MASS_SPEED  0008BB00 0009B49F 0000F9A0 (      63904.) 2 **  5
                MRQMIN          0009B4A0 0009B593 000000F4 (        244.) OCTA  4
                MRQCOF          0009B5A0 0009B5F3 00000054 (         84.) OCTA  4

SMS1:[WIND.SOFTWARE.STICS]STICS_PHA_TREND.EXE;25                21-MAR-1997 23:37        Linker A11-14                    Page    5
Psect Name      Module Name       Base     End           Length            Align                 Attributes
----------      -----------       ----     ---           ------            -----                 ----------
$BSS$                           00060000 000BB02F 0005B030 (     372784.) 2 **  5 NOPIC,CON,REL,LCL,NOSHR,NOEXE,  WRT,NOVEC,NOMOD   
                GAUSSJ          0009B600 0009B85F 00000260 (        608.) OCTA  4
                VOLTAGE_CHECK   0009B860 0009BC2F 000003D0 (        976.) 2 **  5
                WSTICSEFF       0009BC30 0009BC9F 00000070 (        112.) OCTA  4
                COMPARE_TIME    0009BCA0 0009BCBB 0000001C (         28.) OCTA  4
                WIND_DECOMPRESS 0009BCC0 0009BCC7 00000008 (          8.) OCTA  4
                WIND_L1_CLOSE   0009BCD0 0009BCE3 00000014 (         20.) OCTA  4
                WIND_L1_OPEN    0009BCF0 0009BD07 00000018 (         24.) OCTA  4
                WIND_L1_OPEN_NEXT                      
                                0009BD10 0009BE5F 00000150 (        336.) OCTA  4
                WIND_L1_READ_SR 0009BE60 0009F74F 000038F0 (      14576.) OCTA  4
                CNVRT_T_YRMONDAY_TO_YEARDAY            
                                0009F750 0009F753 00000004 (          4.) OCTA  4
                WIND_GET_FILENAME                      
                                0009F760 0009F8A7 00000148 (        328.) OCTA  4
                SELECT_FILE     0009F8B0 000BAF5F 0001B6B0 (     112304.) OCTA  4
                TICHAR          000BAF60 000BAF67 00000008 (          8.) OCTA  4
                TILOG           000BAF70 000BAF73 00000004 (          4.) OCTA  4
                TIXENT          000BAF80 000BAFD7 00000058 (         88.) OCTA  4
                TIXDRC          000BAFE0 000BAFEF 00000010 (         16.) OCTA  4
                TIXEIL          000BAFF0 000BAFFF 00000010 (         16.) OCTA  4
                TIXLRN          000BB000 000BB017 00000018 (         24.) OCTA  4
                CHCCSP          000BB020 000BB027 00000008 (          8.) OCTA  4
L1BUF                           000BB030 000CB02D 0000FFFE (      65534.) OCTA  4 NOPIC,OVR,REL,GBL,NOSHR,NOEXE,  WRT,NOVEC,NOMOD 
                WIND_L1_CLOSE   000BB030 000CB02D 0000FFFE (      65534.) OCTA  4
                WIND_L1_GET_BASIC                      
                                000BB030 000CB02D 0000FFFE (      65534.) OCTA  4
                WIND_L1_GET_HDB 000BB030 000CB02D 0000FFFE (      65534.) OCTA  4
                WIND_L1_GET_MASS                       
                                000BB030 000CB02D 0000FFFE (      65534.) OCTA  4
                WIND_L1_GET_STICS                      
                                000BB030 000CB02D 0000FFFE (      65534.) OCTA  4
                WIND_L1_OPEN    000BB030 000CB02D 0000FFFE (      65534.) OCTA  4
                WIND_L1_OPEN_NEXT                      
                                000BB030 000CB02D 0000FFFE (      65534.) OCTA  4
                WIND_L1_READ_SR 000BB030 000CB02D 0000FFFE (      65534.) OCTA  4
L1INFO                          000CB030 003B236F 002E7340 (    3044160.) OCTA  4 NOPIC,OVR,REL,GBL,NOSHR,NOEXE,  WRT,NOVEC,NOMOD 
                WIND_L1_CLOSE   000CB030 003B236F 002E7340 (    3044160.) OCTA  4
                WIND_L1_GET_BASIC                      
                                000CB030 003B236F 002E7340 (    3044160.) OCTA  4
                WIND_L1_GET_HDB 000CB030 003B236F 002E7340 (    3044160.) OCTA  4
                WIND_L1_GET_MASS                       
                                000CB030 003B236F 002E7340 (    3044160.) OCTA  4
                WIND_L1_GET_STICS                      
                                000CB030 003B236F 002E7340 (    3044160.) OCTA  4
                WIND_L1_OPEN    000CB030 003B236F 002E7340 (    3044160.) OCTA  4
                WIND_L1_OPEN_NEXT                      
                                000CB030 003B236F 002E7340 (    3044160.) OCTA  4
                WIND_L1_READ_SR 000CB030 003B236F 002E7340 (    3044160.) OCTA  4
NULLBUF                         003B2370 003C236F 00010000 (      65536.) OCTA  4 NOPIC,OVR,REL,GBL,NOSHR,NOEXE,  WRT,NOVEC,NOMOD 
                WIND_L1_CLOSE   003B2370 003C236F 00010000 (      65536.) OCTA  4
                WIND_L1_GET_BASIC                      

SMS1:[WIND.SOFTWARE.STICS]STICS_PHA_TREND.EXE;25                21-MAR-1997 23:37        Linker A11-14                    Page    6
Psect Name      Module Name       Base     End           Length            Align                 Attributes
----------      -----------       ----     ---           ------            -----                 ----------
NULLBUF                         003B2370 003C236F 00010000 (      65536.) OCTA  4 NOPIC,OVR,REL,GBL,NOSHR,NOEXE,  WRT,NOVEC,NOMOD   
                                003B2370 003C236F 00010000 (      65536.) OCTA  4
                WIND_L1_GET_HDB 003B2370 003C236F 00010000 (      65536.) OCTA  4
                WIND_L1_GET_MASS                       
                                003B2370 003C236F 00010000 (      65536.) OCTA  4
                WIND_L1_GET_STICS                      
                                003B2370 003C236F 00010000 (      65536.) OCTA  4
                WIND_L1_OPEN    003B2370 003C236F 00010000 (      65536.) OCTA  4
                WIND_L1_OPEN_NEXT                      
                                003B2370 003C236F 00010000 (      65536.) OCTA  4
                WIND_L1_READ_SR 003B2370 003C236F 00010000 (      65536.) OCTA  4
TICOMC                          003C2370 003C242B 000000BC (        188.) OCTA  4 NOPIC,OVR,REL,GBL,NOSHR,NOEXE,  WRT,NOVEC,NOMOD 
                TICHAR          003C2370 003C242B 000000BC (        188.) OCTA  4
                TILOG           003C2370 003C242B 000000BC (        188.) OCTA  4
                TIXENT          003C2370 003C242B 000000BC (        188.) OCTA  4
                TIXDRC          003C2370 003C242B 000000BC (        188.) OCTA  4
                TIXEIL          003C2370 003C242B 000000BC (        188.) OCTA  4
                TIXLRN          003C2370 003C242B 000000BC (        188.) OCTA  4
TICOMN                          003C2430 003C2447 00000018 (         24.) OCTA  4 NOPIC,OVR,REL,GBL,NOSHR,NOEXE,  WRT,NOVEC,NOMOD 
                TICHAR          003C2430 003C2447 00000018 (         24.) OCTA  4
                TILOG           003C2430 003C2447 00000018 (         24.) OCTA  4
                TIXENT          003C2430 003C2447 00000018 (         24.) OCTA  4
                TIXDRC          003C2430 003C2447 00000018 (         24.) OCTA  4
                TIXEIL          003C2430 003C2447 00000018 (         24.) OCTA  4
                TIXLRN          003C2430 003C2447 00000018 (         24.) OCTA  4
                                                +-----------------+
                                                ! Symbols By Name !
                                                +-----------------+
Symbol                          Value       Symbol                          Value       Symbol                          Value       
------                          -----       ------                          -----       ------                          -----       
CHCCSP                          000128D8-R                                              MMPQ_DPU_WSTICS                 00010AC8-R  
CHLAST                          000128C8-R                                              MRQCOF                          00010F20-R  
CHLCUC                          00012878-R                                              MRQMIN                          00010EA8-R  
CHPRFX                          00012840-R                                              OMR_EFF                         00010138-R  
CNVRT_T_YRMONDAY_TO_YEARDAY     00011CE0-R                                              SELECT_FILE                     00012108-R  
CNVRT_YRMONDAY_TO_YEARDAY       00011F20-R                                              SMS_MASS_SPEED                  00010D80-R  
COMPARE_TIME                    00011240-R                                              STICS_PHA_TREND                 00010620-R  
COMPARE_TIME_EQ                 00011320-R                                              TELESCOPE_ID                    00010070-R  
COMPARE_TIME_GE                 000113A0-R                                              TICHAR                          00012210-R  
COMPARE_TIME_GT                 00011360-R                                              TILOG                           00012308-R  
COMPARE_TIME_LE                 000112E0-R                                              TIXDRC                          000125A0-R  
COMPARE_TIME_LT                 000112A0-R                                              TIXEIL                          00012620-R  
COMPARE_TIME_NE                 00011260-R                                              TIXENT                          000124A8-R  
COVSRT                          00010F50-R                                              TIXLRN                          00012760-R  
DISSECT_STICS_PHA               00010B70-R                                              USER_NMNQ_COEFF                 00010248-R  
DPU_DEFAULT_COEFF               000100D8-R                                              USER_NMNQ_PHA_BINNED            00010020-R  
DPU_EQ                          00010A10-R                                              USER_REQUESTS_DATA_TYPE         000101D0-R  
FUNCS                           00010BE0-R                                              VOLTAGE_CHECK                   000110C0-R  
GAUSSJ                          00010F70-R                                              VXDCL                           000128F0-R  
ION_IDENTIFIER                  00011020-R                                              WIND$_BADFILEHDR                081781C2    

SMS1:[WIND.SOFTWARE.STICS]STICS_PHA_TREND.EXE;25                21-MAR-1997 23:37        Linker A11-14                    Page    7
Symbol                          Value       Symbol                          Value       Symbol                          Value       
------                          -----       ------                          -----       ------                          -----       
WIND$_BADRECLEN                 081780F8                                                
WIND$_EMPTY                     08178100                                                
WIND$_FACILITY                  00000817                                                
WIND$_FILEFMT                   081780F0                                                
WIND$_FILNAMFMT                 081781BA                                                
WIND$_FILNOTOPN                 081781B2                                                
WIND$_HDRFMT                    08178053                                                
WIND$_INUSE                     0817819A                                                
WIND$_INVHDRVER                 081781AA                                                
WIND$_NONEXTFILE                081781CA                                                
WIND$_OUTRANGE                  081781A2                                                
WIND$_SUCCESS                   08178001                                                
WIND$_TOOMANY                   08178192                                                
WIND_COMPARE_TIME               00011250-R                                              
WIND_COMPARE_TIME_EQ            00011340-R                                              
WIND_COMPARE_TIME_GE            000113C0-R                                              
WIND_COMPARE_TIME_GT            00011380-R                                              
WIND_COMPARE_TIME_LE            00011300-R                                              
WIND_COMPARE_TIME_LT            000112C0-R                                              
WIND_COMPARE_TIME_NE            00011280-R                                              
WIND_COMPRESS                   000113E0-R                                              
WIND_DECOMPRESS                 00011438-R                                              
WIND_GET_FILENAME               00011DF8-R                                              
WIND_L1_CLOSE                   00011460-R                                              
WIND_L1_GET_BASIC               000114F0-R                                              
WIND_L1_GET_HDB                 00011520-R                                              
WIND_L1_GET_MASS                00011550-R                                              
WIND_L1_GET_STICS               00011580-R                                              
WIND_L1_OPEN                    000117B0-R                                              
WIND_L1_OPEN_NEXT               00011A30-R                                              
WIND_L1_READ_SR                 00011BF8-R                                              
WSTICSEFF                       00011180-R                                              
	  Key for special characters above:
		+--------------------+
		! *  - Undefined     !
		! A  - Alias Name    !
		! I  - Internal Name !
		! U  - Universal     !
		! R  - Relocatable   !
		! X  - External      !
		! WK - Weak          !
		+--------------------+

SMS1:[WIND.SOFTWARE.STICS]STICS_PHA_TREND.EXE;25                21-MAR-1997 23:37        Linker A11-14                    Page    8
                                                 +----------------+
                                                 ! Image Synopsis !
                                                 +----------------+
Virtual memory allocated:                         00010000 003DFFFF 003D0000 (3997696. bytes, 7808. pages)
Stack size:                                             20. pages
Image header virtual block limits:                       1.        2. (    2. blocks)
Image binary virtual block limits:                       3.      230. (  228. blocks)
Image name and identification:                    STICS_PHA_TREND  
Number of files:                                        23.
Number of modules:                                      41.
Number of program sections:                             24.
Number of global symbols:                             1506.
Number of image sections:                               33.
User transfer address:                            00010620
Debugger transfer address:                        00000340
Number of code references to shareable images:          46.
Image type:                                       EXECUTABLE.
Map format:                                       DEFAULT in file SMS1:[WIND.SOFTWARE.STICS]STICS_PHA_TREND.MAP;25
Estimated map length:                             135. blocks
                                              +---------------------+
                                              ! Link Run Statistics !
                                              +---------------------+
Performance Indicators                            Page Faults	CPU Time	Elapsed Time
----------------------                            -----------	--------	------------
    Command processing:                                    43	00:00:00.16	00:00:00.22
    Pass 1:                                                56	00:00:00.46	00:00:01.71
    Allocation/Relocation:                                  8	00:00:00.03	00:00:00.11
    Pass 2:                                                28	00:00:00.32	00:00:01.26
    Map data after object module synopsis:                  4	00:00:00.06	00:00:00.08
    Symbol table output:                                    0	00:00:00.01	00:00:00.03
Total run values:                                         139	00:00:01.04	00:00:03.42
Using a working set limited to 6368 pages and 2123 pages of data storage (excluding image)
Total number object records read (both passes):   1286
    of which 340 were in libraries and 240 were DEBUG data records containing 38100 bytes
29052 bytes of DEBUG data were written,starting at VBN 231 with 57 blocks allocated
Number of modules extracted explicitly             = 0
    with 24 extracted to resolve undefined symbols
188 library searches were for symbols not in the library searched
A total of 0 global symbol table records was written
LINK/MAP STICS_PHA_TREND,DPU_EQ,MMPQ_DPU_WSTICS,DISSECT_STICS_PHA,SMS_MASS_SPEED,MRQMIN_SW,MRQCOF_SW,COVSRT_SW,GAUSSJ_SW,ION_IDENTIF
IER,VOLTAGE_CHECK,WSTICSEFF,LIB_DIR:L1LIB/LIB,LIB_DIR:WIND_LIB/LIB,LIB_DIR:XTI_LIB/LIB
