
                                                                23-SEP-1997 16:51        Linker A11-14                    Page    1
                                             +------------------------+
                                             ! Object Module Synopsis !
                                             +------------------------+
Module Name     Ident              Bytes      File                                Creation Date      Creator
-----------     -----              -----      -----                               -------------      -------
VSHIFT_SPECTRA_MASS3D          
                                   222812 VSHIFT_SPECTRA_MASS3D.OBJ;6          23-SEP-1997 16:51  DEC Fortran V6.2-508
DPU_EQ                                300 [WIND.SOFTWARE.STICS]DPU_EQ.OBJ;8     1-APR-1997 12:55  DEC Fortran V6.2-508
MMPQ_DPU_WSTICS                      1936 MMPQ_DPU_WSTICS.OBJ;17                1-APR-1997 12:55  DEC Fortran V6.2-508
DISSECT_STICS_PHA              
                                      604 DISSECT_STICS_PHA.OBJ;9               1-APR-1997 12:55  DEC Fortran V6.2-508
DIRECTION_REQUESTS             
                                     1616 DIRECTION_REQUESTS.OBJ;5              4-SEP-1997 23:18  DEC Fortran V6.2-508
TELESCOPE_ID                         1112 TELESCOPE_ID.OBJ;2                   26-MAR-1997 19:18  DEC Fortran V6.2-508
SMS_MASS_SPEED                      71070 SMS_MASS_SPEED.OBJ;20                 1-APR-1997 12:55  DEC Fortran V6.2-508
MRQMIN                               3292 [WIND.SOFTWARE.STICS]MRQMIN_SW.OBJ;4  1-APR-1997 12:55  DEC Fortran V6.2-508
MRQCOF                               2448 [WIND.SOFTWARE.STICS]MRQCOF_SW.OBJ;4  1-APR-1997 12:55  DEC Fortran V6.2-508
COVSRT                               1724 [WIND.SOFTWARE.STICS]COVSRT_SW.OBJ;4  1-APR-1997 12:55  DEC Fortran V6.2-508
GAUSSJ                               4452 [WIND.SOFTWARE.STICS]GAUSSJ_SW.OBJ;4  1-APR-1997 12:55  DEC Fortran V6.2-508
ION_IDENTIFIER                       1752 ION_IDENTIFIER.OBJ;12                15-JAN-1997 13:38  DEC Fortran V6.2-508
T2_ION_IDENTIFIER              
                                     1752 T2_ION_IDENTIFIER.OBJ;1              25-FEB-1997 23:49  DEC Fortran V6.2-508
VOLTAGE_CHECK                        1528 VOLTAGE_CHECK.OBJ;12                 15-JAN-1997 13:38  DEC Fortran V6.2-508
WSTICSEFF                            3988 [WIND.SOFTWARE.STICS]WSTICSEFF.OBJ;9 15-JAN-1997 13:38  DEC Fortran V6.2-508
COMPARE_TIME                         1400 SMS1:[WIND.LIB]L1LIB.OLB;24          21-APR-1995 16:14  DEC Fortran V6.2-508
WIND_DECOMPRESS                      1544 SMS1:[WIND.LIB]L1LIB.OLB;24          21-APR-1995 16:15  DEC Fortran V6.2-508
WIND_L1_CLOSE   1.1               3189560 SMS1:[WIND.LIB]L1LIB.OLB;24          21-APR-1995 16:15  DEC Fortran V6.2-508
WIND_L1_GET_BASIC              
                1.0               3189080 SMS1:[WIND.LIB]L1LIB.OLB;24          21-APR-1995 16:15  DEC Fortran V6.2-508
WIND_L1_GET_HDB 1.0               3189068 SMS1:[WIND.LIB]L1LIB.OLB;24          21-APR-1995 16:15  DEC Fortran V6.2-508
WIND_L1_GET_MASS               
                1.0               3189184 SMS1:[WIND.LIB]L1LIB.OLB;24          21-APR-1995 16:15  DEC Fortran V6.2-508
WIND_L1_GET_STICS              
                1.0               3189188 SMS1:[WIND.LIB]L1LIB.OLB;24          21-APR-1995 16:15  DEC Fortran V6.2-508
WIND_L1_OPEN    1.7               3192751 SMS1:[WIND.LIB]L1LIB.OLB;24          21-APR-1995 16:15  DEC Fortran V6.2-508
WIND_L1_OPEN_NEXT              
                1.2               3192834 SMS1:[WIND.LIB]L1LIB.OLB;24          21-APR-1995 16:15  DEC Fortran V6.2-508
WIND_L1_READ_SR 1.11              3211675 SMS1:[WIND.LIB]L1LIB.OLB;24          21-APR-1995 16:15  DEC Fortran V6.2-508
WINDMSG         0                     891 SMS1:[WIND.LIB]L1LIB.OLB;24          21-APR-1995 16:15  Message A02-10
CNVRT_T_YRMONDAY_TO_YEARDAY    
                                      252 SMS1:[WIND.LIB]WIND_LIB.OLB;5        21-APR-1995 15:26  DEC Fortran V6.2-508
WIND_GET_FILENAME              
                1.6                  2880 SMS1:[WIND.LIB]WIND_LIB.OLB;5        21-APR-1995 15:27  DEC Fortran V6.2-508
CNVRT_YRMONDAY_TO_YEARDAY      
                                      344 SMS1:[WIND.LIB]WIND_LIB.OLB;5        21-APR-1995 15:26  DEC Fortran V6.2-508
SELECT_FILE     1.4                115888 SMS1:[WIND.LIB]WIND_LIB.OLB;5        16-JAN-1996 14:57  DEC Fortran V6.2-508
TICHAR                                948 SMS1:[WIND.LIB]XTI_LIB.OLB;2         16-DEC-1994 12:52  DEC Fortran V6.2-508
TILOG                                1136 SMS1:[WIND.LIB]XTI_LIB.OLB;2         16-DEC-1994 12:52  DEC Fortran V6.2-508
TIXENT                               3376 SMS1:[WIND.LIB]XTI_LIB.OLB;2         16-DEC-1994 12:53  DEC Fortran V6.2-508
TIXDRC                                488 SMS1:[WIND.LIB]XTI_LIB.OLB;2         16-DEC-1994 12:53  DEC Fortran V6.2-508
TIXEIL                                908 SMS1:[WIND.LIB]XTI_LIB.OLB;2         16-DEC-1994 12:53  DEC Fortran V6.2-508
TIXLRN                               2240 SMS1:[WIND.LIB]XTI_LIB.OLB;2         16-DEC-1994 12:53  DEC Fortran V6.2-508
CHCCSP                                964 SMS1:[GRPLIB]UMDCOMMON.OLB;3          9-DEC-1994 16:14  DEC Fortran V6.2-508
VXDCL                                 288 SMS1:[GRPLIB]UMDCOMMON.OLB;3          9-DEC-1994 16:35  DEC Fortran V6.2-508

SMS1:[WIND.SOFTWARE.STICS]VSHIFT_SPECTRA_MASS3D.EXE;6           23-SEP-1997 16:51        Linker A11-14                    Page    2
                                            +--------------------------+
                                            ! Program Section Synopsis !
                                            +--------------------------+
Psect Name      Module Name       Base     End           Length            Align                 Attributes
----------      -----------       ----     ---           ------            -----                 ----------
$LINK$                          00010000 00012ABF 00002AC0 (      10944.) OCTA  4 NOPIC,CON,REL,LCL,NOSHR,NOEXE,NOWRT,NOVEC,  MOD 
                VSHIFT_SPECTRA_MASS3D                  
                                00010000 0001099F 000009A0 (       2464.) OCTA  4
                DPU_EQ          000109A0 000109E3 00000044 (         68.) OCTA  4
                MMPQ_DPU_WSTICS 000109F0 00010AF3 00000104 (        260.) OCTA  4
                DISSECT_STICS_PHA                      
                                00010B00 00010B6F 00000070 (        112.) OCTA  4
                DIRECTION_REQUESTS                     
                                00010B70 00010C37 000000C8 (        200.) OCTA  4
                TELESCOPE_ID    00010C40 00010C4F 00000010 (         16.) OCTA  4
                SMS_MASS_SPEED  00010C50 00010ED1 00000282 (        642.) OCTA  4
                MRQMIN          00010EE0 00010F8F 000000B0 (        176.) OCTA  4
                MRQCOF          00010F90 00010FBB 0000002C (         44.) OCTA  4
                COVSRT          00010FC0 00010FDF 00000020 (         32.) OCTA  4
                GAUSSJ          00010FE0 0001100F 00000030 (         48.) OCTA  4
                ION_IDENTIFIER  00011010 00011123 00000114 (        276.) OCTA  4
                T2_ION_IDENTIFIER                      
                                00011130 00011243 00000114 (        276.) OCTA  4
                VOLTAGE_CHECK   00011250 00011287 00000038 (         56.) OCTA  4
                WSTICSEFF       00011290 000113C3 00000134 (        308.) OCTA  4
                COMPARE_TIME    000113D0 0001156F 000001A0 (        416.) OCTA  4
                WIND_DECOMPRESS 00011570 000115E7 00000078 (        120.) OCTA  4
                WIND_L1_CLOSE   000115F0 0001167F 00000090 (        144.) OCTA  4
                WIND_L1_GET_BASIC                      
                                00011680 000116A7 00000028 (         40.) OCTA  4
                WIND_L1_GET_HDB 000116B0 000116D7 00000028 (         40.) OCTA  4
                WIND_L1_GET_MASS                       
                                000116E0 0001170F 00000030 (         48.) OCTA  4
                WIND_L1_GET_STICS                      
                                00011710 00011747 00000038 (         56.) OCTA  4
                WIND_L1_OPEN    00011750 00011B0E 000003BF (        959.) OCTA  4
                WIND_L1_OPEN_NEXT                      
                                00011B10 00011CC5 000001B6 (        438.) OCTA  4
                WIND_L1_READ_SR 00011CD0 00011E62 00000193 (        403.) OCTA  4
                CNVRT_T_YRMONDAY_TO_YEARDAY            
                                00011E70 00011EA7 00000038 (         56.) OCTA  4
                WIND_GET_FILENAME                      
                                00011EB0 000120AF 00000200 (        512.) OCTA  4
                CNVRT_YRMONDAY_TO_YEARDAY              
                                000120B0 000120CF 00000020 (         32.) OCTA  4
                SELECT_FILE     000120D0 0001239F 000002D0 (        720.) OCTA  4
                TICHAR          000123A0 00012433 00000094 (        148.) OCTA  4
                TILOG           00012440 0001253F 00000100 (        256.) OCTA  4
                TIXENT          00012540 00012727 000001E8 (        488.) OCTA  4
                TIXDRC          00012730 000127A7 00000078 (        120.) OCTA  4
                TIXEIL          000127B0 0001283F 00000090 (        144.) OCTA  4
                TIXLRN          00012840 000129CB 0000018C (        396.) OCTA  4
                CHCCSP          000129D0 00012A77 000000A8 (        168.) OCTA  4

SMS1:[WIND.SOFTWARE.STICS]VSHIFT_SPECTRA_MASS3D.EXE;6           23-SEP-1997 16:51        Linker A11-14                    Page    3
Psect Name      Module Name       Base     End           Length            Align                 Attributes
----------      -----------       ----     ---           ------            -----                 ----------
$LINK$                          00010000 00012ABF 00002AC0 (      10944.) OCTA  4 NOPIC,CON,REL,LCL,NOSHR,NOEXE,NOWRT,NOVEC,  MOD   
                VXDCL           00012A80 00012ABF 00000040 (         64.) OCTA  4
$DATA$                          00020000 0002064F 00000650 (       1616.) OCTA  4 NOPIC,CON,REL,LCL,NOSHR,NOEXE,  WRT,NOVEC,  MOD 
                VSHIFT_SPECTRA_MASS3D                  
                                00020000 0002048F 00000490 (       1168.) OCTA  4
                DPU_EQ          00020490 00020497 00000008 (          8.) OCTA  4
                WSTICSEFF       000204A0 0002056F 000000D0 (        208.) OCTA  4
                WIND_L1_OPEN    00020570 00020573 00000004 (          4.) OCTA  4
                WIND_L1_OPEN_NEXT                      
                                00020580 000205DF 00000060 (         96.) OCTA  4
                WIND_GET_FILENAME                      
                                000205E0 000205E3 00000004 (          4.) OCTA  4
                CNVRT_YRMONDAY_TO_YEARDAY              
                                000205F0 0002064F 00000060 (         96.) OCTA  4
$IODATA$                        00020650 00021F2F 000018E0 (       6368.) OCTA  4 NOPIC,CON,REL,LCL,NOSHR,NOEXE,  WRT,NOVEC,  MOD 
                VSHIFT_SPECTRA_MASS3D                  
                                00020650 0002162B 00000FDC (       4060.) OCTA  4
                DIRECTION_REQUESTS                     
                                00021630 000217B7 00000188 (        392.) OCTA  4
                SMS_MASS_SPEED  000217C0 00021907 00000148 (        328.) OCTA  4
                WSTICSEFF       00021910 00021933 00000024 (         36.) OCTA  4
                WIND_L1_CLOSE   00021940 00021987 00000048 (         72.) OCTA  4
                WIND_L1_OPEN    00021990 000219E3 00000054 (         84.) OCTA  4
                WIND_L1_OPEN_NEXT                      
                                000219F0 00021A17 00000028 (         40.) OCTA  4
                WIND_L1_READ_SR 00021A20 00021A3B 0000001C (         28.) OCTA  4
                WIND_GET_FILENAME                      
                                00021A40 00021A6F 00000030 (         48.) OCTA  4
                SELECT_FILE     00021A70 00021AA7 00000038 (         56.) OCTA  4
                TICHAR          00021AB0 00021B07 00000058 (         88.) OCTA  4
                TILOG           00021B10 00021B4B 0000003C (         60.) OCTA  4
                TIXENT          00021B50 00021DC3 00000274 (        628.) OCTA  4
                TIXDRC          00021DD0 00021DEB 0000001C (         28.) OCTA  4
                TIXEIL          00021DF0 00021E17 00000028 (         40.) OCTA  4
                TIXLRN          00021E20 00021F2B 0000010C (        268.) OCTA  4
L1INFO2                         00021F30 00025221 000032F2 (      13042.) OCTA  4 NOPIC,OVR,REL,GBL,NOSHR,NOEXE,  WRT,NOVEC,  MOD 
                WIND_L1_CLOSE   00021F30 00025221 000032F2 (      13042.) OCTA  4
                WIND_L1_GET_BASIC                      
                                00021F30 00025221 000032F2 (      13042.) OCTA  4
                WIND_L1_GET_HDB 00021F30 00025221 000032F2 (      13042.) OCTA  4
                WIND_L1_GET_MASS                       
                                00021F30 00025221 000032F2 (      13042.) OCTA  4
                WIND_L1_GET_STICS                      
                                00021F30 00025221 000032F2 (      13042.) OCTA  4
                WIND_L1_OPEN    00021F30 00025221 000032F2 (      13042.) OCTA  4
                WIND_L1_OPEN_NEXT                      
                                00021F30 00025221 000032F2 (      13042.) OCTA  4
                WIND_L1_READ_SR 00021F30 00025221 000032F2 (      13042.) OCTA  4
L1_HEADERS                      00025230 000254B3 00000284 (        644.) OCTA  4 NOPIC,OVR,REL,GBL,NOSHR,NOEXE,  WRT,NOVEC,  MOD 
                VSHIFT_SPECTRA_MASS3D                  
                                00025230 000254B3 00000284 (        644.) OCTA  4
                SMS_MASS_SPEED  00025230 000254B3 00000284 (        644.) OCTA  4

SMS1:[WIND.SOFTWARE.STICS]VSHIFT_SPECTRA_MASS3D.EXE;6           23-SEP-1997 16:51        Linker A11-14                    Page    4
Psect Name      Module Name       Base     End           Length            Align                 Attributes
----------      -----------       ----     ---           ------            -----                 ----------
L1_HEADERS                      00025230 000254B3 00000284 (        644.) OCTA  4 NOPIC,OVR,REL,GBL,NOSHR,NOEXE,  WRT,NOVEC,  MOD   
                WIND_L1_CLOSE   00025230 000254B3 00000284 (        644.) OCTA  4
                WIND_L1_GET_BASIC                      
                                00025230 000254B3 00000284 (        644.) OCTA  4
                WIND_L1_GET_HDB 00025230 000254B3 00000284 (        644.) OCTA  4
                WIND_L1_GET_MASS                       
                                00025230 000254B3 00000284 (        644.) OCTA  4
                WIND_L1_GET_STICS                      
                                00025230 000254B3 00000284 (        644.) OCTA  4
                WIND_L1_OPEN    00025230 000254B3 00000284 (        644.) OCTA  4
                WIND_L1_OPEN_NEXT                      
                                00025230 000254B3 00000284 (        644.) OCTA  4
                WIND_L1_READ_SR 00025230 000254B3 00000284 (        644.) OCTA  4
$CODE$                          00030000 0004451F 00014520 (      83232.) OCTA  4   PIC,CON,REL,LCL,  SHR,  EXE,NOWRT,NOVEC,  MOD 
                VSHIFT_SPECTRA_MASS3D                  
                                00030000 00036B27 00006B28 (      27432.) OCTA  4
                DPU_EQ          00036B30 00036C0F 000000E0 (        224.) OCTA  4
                MMPQ_DPU_WSTICS 00036C10 0003725B 0000064C (       1612.) OCTA  4
                DISSECT_STICS_PHA                      
                                00037260 0003744B 000001EC (        492.) OCTA  4
                DIRECTION_REQUESTS                     
                                00037450 00037823 000003D4 (        980.) OCTA  4
                TELESCOPE_ID    00037830 00037C77 00000448 (       1096.) OCTA  4
                SMS_MASS_SPEED  00037C80 0003922F 000015B0 (       5552.) OCTA  4
                MRQMIN          00039230 00039D67 00000B38 (       2872.) OCTA  4
                MRQCOF          00039D70 0003A67F 00000910 (       2320.) OCTA  4
                COVSRT          0003A680 0003AD1B 0000069C (       1692.) OCTA  4
                GAUSSJ          0003AD20 0003BBF3 00000ED4 (       3796.) OCTA  4
                ION_IDENTIFIER  0003BC00 0003C1C3 000005C4 (       1476.) OCTA  4
                T2_ION_IDENTIFIER                      
                                0003C1D0 0003C793 000005C4 (       1476.) OCTA  4
                VOLTAGE_CHECK   0003C7A0 0003C98F 000001F0 (        496.) OCTA  4
                WSTICSEFF       0003C990 0003D68B 00000CFC (       3324.) OCTA  4
                COMPARE_TIME    0003D690 0003DA4B 000003BC (        956.) OCTA  4
                WIND_DECOMPRESS 0003DA50 0003DFD7 00000588 (       1416.) OCTA  4
                WIND_L1_CLOSE   0003DFE0 0003E177 00000198 (        408.) OCTA  4
                WIND_L1_GET_BASIC                      
                                0003E180 0003E1FB 0000007C (        124.) OCTA  4
                WIND_L1_GET_HDB 0003E200 0003E26F 00000070 (        112.) OCTA  4
                WIND_L1_GET_MASS                       
                                0003E270 0003E34B 000000DC (        220.) OCTA  4
                WIND_L1_GET_STICS                      
                                0003E350 0003E427 000000D8 (        216.) OCTA  4
                WIND_L1_OPEN    0003E430 0003EEFB 00000ACC (       2764.) OCTA  4
                WIND_L1_OPEN_NEXT                      
                                0003EF00 0003FABF 00000BC0 (       3008.) OCTA  4
                WIND_L1_READ_SR 0003FAC0 00041907 00001E48 (       7752.) OCTA  4
                CNVRT_T_YRMONDAY_TO_YEARDAY            
                                00041910 000419CF 000000C0 (        192.) OCTA  4
                WIND_GET_FILENAME                      
                                000419D0 00042193 000007C4 (       1988.) OCTA  4
                CNVRT_YRMONDAY_TO_YEARDAY              

SMS1:[WIND.SOFTWARE.STICS]VSHIFT_SPECTRA_MASS3D.EXE;6           23-SEP-1997 16:51        Linker A11-14                    Page    5
Psect Name      Module Name       Base     End           Length            Align                 Attributes
----------      -----------       ----     ---           ------            -----                 ----------
$CODE$                          00030000 0004451F 00014520 (      83232.) OCTA  4   PIC,CON,REL,LCL,  SHR,  EXE,NOWRT,NOVEC,  MOD   
                                000421A0 00042277 000000D8 (        216.) OCTA  4
                SELECT_FILE     00042280 00042D77 00000AF8 (       2808.) OCTA  4
                TICHAR          00042D80 00042F6B 000001EC (        492.) OCTA  4
                TILOG           00042F70 000431CB 0000025C (        604.) OCTA  4
                TIXENT          000431D0 00043977 000007A8 (       1960.) OCTA  4
                TIXDRC          00043980 000439EF 00000070 (        112.) OCTA  4
                TIXEIL          000439F0 00043BDF 000001F0 (        496.) OCTA  4
                TIXLRN          00043BE0 0004411B 0000053C (       1340.) OCTA  4
                CHCCSP          00044120 00044433 00000314 (        788.) OCTA  4
                VXDCL           00044440 0004451F 000000E0 (        224.) OCTA  4
MSG$AAAAAAAAAAA                 00050000 0005000F 00000010 (         16.) LONG  2   PIC,OVR,REL,LCL,NOSHR,NOEXE,NOWRT,  VEC,  MOD 
                WINDMSG         00050000 0005000F 00000010 (         16.) LONG  2
MSG$AAAAAAAAAAB                 00050010 00050013 00000004 (          4.) LONG  2   PIC,CON,REL,LCL,NOSHR,NOEXE,NOWRT,  VEC,  MOD 
                WINDMSG         00050010 00050013 00000004 (          4.) LONG  2
MSG$AAAAAAAAAAC                 00050014 00050017 00000004 (          4.) LONG  2   PIC,OVR,REL,LCL,NOSHR,NOEXE,NOWRT,  VEC,  MOD 
                WINDMSG         00050014 00050017 00000004 (          4.) LONG  2
MSG$SECTION                     00050018 0005037A 00000363 (        867.) BYTE  0   PIC,CON,REL,LCL,NOSHR,NOEXE,NOWRT,  VEC,  MOD 
                WINDMSG         00050018 0005037A 00000363 (        867.) BYTE  0
$BSS$                           00060000 000BD04F 0005D050 (     381008.) 2 **  5 NOPIC,CON,REL,LCL,NOSHR,NOEXE,  WRT,NOVEC,NOMOD 
                VSHIFT_SPECTRA_MASS3D                  
                                00060000 0008DAA3 0002DAA4 (     187044.) 2 **  5
                MMPQ_DPU_WSTICS 0008DAB0 0008DAEF 00000040 (         64.) OCTA  4
                DIRECTION_REQUESTS                     
                                0008DAF0 0008DB1B 0000002C (         44.) OCTA  4
                SMS_MASS_SPEED  0008DB20 0009D4BF 0000F9A0 (      63904.) 2 **  5
                MRQMIN          0009D4C0 0009D5B3 000000F4 (        244.) OCTA  4
                MRQCOF          0009D5C0 0009D613 00000054 (         84.) OCTA  4
                GAUSSJ          0009D620 0009D87F 00000260 (        608.) OCTA  4
                VOLTAGE_CHECK   0009D880 0009DC4F 000003D0 (        976.) 2 **  5
                WSTICSEFF       0009DC50 0009DCBF 00000070 (        112.) OCTA  4
                COMPARE_TIME    0009DCC0 0009DCDB 0000001C (         28.) OCTA  4
                WIND_DECOMPRESS 0009DCE0 0009DCE7 00000008 (          8.) OCTA  4
                WIND_L1_CLOSE   0009DCF0 0009DD03 00000014 (         20.) OCTA  4
                WIND_L1_OPEN    0009DD10 0009DD27 00000018 (         24.) OCTA  4
                WIND_L1_OPEN_NEXT                      
                                0009DD30 0009DE7F 00000150 (        336.) OCTA  4
                WIND_L1_READ_SR 0009DE80 000A176F 000038F0 (      14576.) OCTA  4
                CNVRT_T_YRMONDAY_TO_YEARDAY            
                                000A1770 000A1773 00000004 (          4.) OCTA  4
                WIND_GET_FILENAME                      
                                000A1780 000A18C7 00000148 (        328.) OCTA  4
                SELECT_FILE     000A18D0 000BCF7F 0001B6B0 (     112304.) OCTA  4
                TICHAR          000BCF80 000BCF87 00000008 (          8.) OCTA  4
                TILOG           000BCF90 000BCF93 00000004 (          4.) OCTA  4
                TIXENT          000BCFA0 000BCFF7 00000058 (         88.) OCTA  4
                TIXDRC          000BD000 000BD00F 00000010 (         16.) OCTA  4
                TIXEIL          000BD010 000BD01F 00000010 (         16.) OCTA  4
                TIXLRN          000BD020 000BD037 00000018 (         24.) OCTA  4
                CHCCSP          000BD040 000BD047 00000008 (          8.) OCTA  4
L1BUF                           000BD050 000CD04D 0000FFFE (      65534.) OCTA  4 NOPIC,OVR,REL,GBL,NOSHR,NOEXE,  WRT,NOVEC,NOMOD 
                WIND_L1_CLOSE   000BD050 000CD04D 0000FFFE (      65534.) OCTA  4

SMS1:[WIND.SOFTWARE.STICS]VSHIFT_SPECTRA_MASS3D.EXE;6           23-SEP-1997 16:51        Linker A11-14                    Page    6
Psect Name      Module Name       Base     End           Length            Align                 Attributes
----------      -----------       ----     ---           ------            -----                 ----------
L1BUF                           000BD050 000CD04D 0000FFFE (      65534.) OCTA  4 NOPIC,OVR,REL,GBL,NOSHR,NOEXE,  WRT,NOVEC,NOMOD   
                WIND_L1_GET_BASIC                      
                                000BD050 000CD04D 0000FFFE (      65534.) OCTA  4
                WIND_L1_GET_HDB 000BD050 000CD04D 0000FFFE (      65534.) OCTA  4
                WIND_L1_GET_MASS                       
                                000BD050 000CD04D 0000FFFE (      65534.) OCTA  4
                WIND_L1_GET_STICS                      
                                000BD050 000CD04D 0000FFFE (      65534.) OCTA  4
                WIND_L1_OPEN    000BD050 000CD04D 0000FFFE (      65534.) OCTA  4
                WIND_L1_OPEN_NEXT                      
                                000BD050 000CD04D 0000FFFE (      65534.) OCTA  4
                WIND_L1_READ_SR 000BD050 000CD04D 0000FFFE (      65534.) OCTA  4
L1INFO                          000CD050 003B438F 002E7340 (    3044160.) OCTA  4 NOPIC,OVR,REL,GBL,NOSHR,NOEXE,  WRT,NOVEC,NOMOD 
                WIND_L1_CLOSE   000CD050 003B438F 002E7340 (    3044160.) OCTA  4
                WIND_L1_GET_BASIC                      
                                000CD050 003B438F 002E7340 (    3044160.) OCTA  4
                WIND_L1_GET_HDB 000CD050 003B438F 002E7340 (    3044160.) OCTA  4
                WIND_L1_GET_MASS                       
                                000CD050 003B438F 002E7340 (    3044160.) OCTA  4
                WIND_L1_GET_STICS                      
                                000CD050 003B438F 002E7340 (    3044160.) OCTA  4
                WIND_L1_OPEN    000CD050 003B438F 002E7340 (    3044160.) OCTA  4
                WIND_L1_OPEN_NEXT                      
                                000CD050 003B438F 002E7340 (    3044160.) OCTA  4
                WIND_L1_READ_SR 000CD050 003B438F 002E7340 (    3044160.) OCTA  4
NULLBUF                         003B4390 003C438F 00010000 (      65536.) OCTA  4 NOPIC,OVR,REL,GBL,NOSHR,NOEXE,  WRT,NOVEC,NOMOD 
                WIND_L1_CLOSE   003B4390 003C438F 00010000 (      65536.) OCTA  4
                WIND_L1_GET_BASIC                      
                                003B4390 003C438F 00010000 (      65536.) OCTA  4
                WIND_L1_GET_HDB 003B4390 003C438F 00010000 (      65536.) OCTA  4
                WIND_L1_GET_MASS                       
                                003B4390 003C438F 00010000 (      65536.) OCTA  4
                WIND_L1_GET_STICS                      
                                003B4390 003C438F 00010000 (      65536.) OCTA  4
                WIND_L1_OPEN    003B4390 003C438F 00010000 (      65536.) OCTA  4
                WIND_L1_OPEN_NEXT                      
                                003B4390 003C438F 00010000 (      65536.) OCTA  4
                WIND_L1_READ_SR 003B4390 003C438F 00010000 (      65536.) OCTA  4
TICOMC                          003C4390 003C444B 000000BC (        188.) OCTA  4 NOPIC,OVR,REL,GBL,NOSHR,NOEXE,  WRT,NOVEC,NOMOD 
                TICHAR          003C4390 003C444B 000000BC (        188.) OCTA  4
                TILOG           003C4390 003C444B 000000BC (        188.) OCTA  4
                TIXENT          003C4390 003C444B 000000BC (        188.) OCTA  4
                TIXDRC          003C4390 003C444B 000000BC (        188.) OCTA  4
                TIXEIL          003C4390 003C444B 000000BC (        188.) OCTA  4
                TIXLRN          003C4390 003C444B 000000BC (        188.) OCTA  4
TICOMN                          003C4450 003C4467 00000018 (         24.) OCTA  4 NOPIC,OVR,REL,GBL,NOSHR,NOEXE,  WRT,NOVEC,NOMOD 
                TICHAR          003C4450 003C4467 00000018 (         24.) OCTA  4
                TILOG           003C4450 003C4467 00000018 (         24.) OCTA  4
                TIXENT          003C4450 003C4467 00000018 (         24.) OCTA  4
                TIXDRC          003C4450 003C4467 00000018 (         24.) OCTA  4
                TIXEIL          003C4450 003C4467 00000018 (         24.) OCTA  4
                TIXLRN          003C4450 003C4467 00000018 (         24.) OCTA  4

SMS1:[WIND.SOFTWARE.STICS]VSHIFT_SPECTRA_MASS3D.EXE;6           23-SEP-1997 16:51        Linker A11-14                    Page    7
                                                +-----------------+
                                                ! Symbols By Name !
                                                +-----------------+
Symbol                          Value       Symbol                          Value       Symbol                          Value       
------                          -----       ------                          -----       ------                          -----       
CHCCSP                          00012A68-R                                              WIND$_FILNOTOPN                 081781B2    
CHLAST                          00012A58-R                                              WIND$_HDRFMT                    08178053    
CHLCUC                          00012A08-R                                              WIND$_INUSE                     0817819A    
CHPRFX                          000129D0-R                                              WIND$_INVHDRVER                 081781AA    
CNVRT_T_YRMONDAY_TO_YEARDAY     00011E70-R                                              WIND$_NONEXTFILE                081781CA    
CNVRT_YRMONDAY_TO_YEARDAY       000120B0-R                                              WIND$_OUTRANGE                  081781A2    
COMPARE_TIME                    000113D0-R                                              WIND$_SUCCESS                   08178001    
COMPARE_TIME_EQ                 000114B0-R                                              WIND$_TOOMANY                   08178192    
COMPARE_TIME_GE                 00011530-R                                              WIND_COMPARE_TIME               000113E0-R  
COMPARE_TIME_GT                 000114F0-R                                              WIND_COMPARE_TIME_EQ            000114D0-R  
COMPARE_TIME_LE                 00011470-R                                              WIND_COMPARE_TIME_GE            00011550-R  
COMPARE_TIME_LT                 00011430-R                                              WIND_COMPARE_TIME_GT            00011510-R  
COMPARE_TIME_NE                 000113F0-R                                              WIND_COMPARE_TIME_LE            00011490-R  
COVSRT                          00010FC0-R                                              WIND_COMPARE_TIME_LT            00011450-R  
DIRECTION_REQUESTS              00010BB8-R                                              WIND_COMPARE_TIME_NE            00011410-R  
DISSECT_STICS_PHA               00010B00-R                                              WIND_COMPRESS                   00011570-R  
DPU_DEFAULT_COEFF               000100C8-R                                              WIND_DECOMPRESS                 000115C8-R  
DPU_EQ                          000109A0-R                                              WIND_GET_FILENAME               00011F88-R  
FUNCS                           00010C50-R                                              WIND_L1_CLOSE                   000115F0-R  
GAUSSJ                          00010FE0-R                                              WIND_L1_GET_BASIC               00011680-R  
ION_IDENTIFIER                  00011090-R                                              WIND_L1_GET_HDB                 000116B0-R  
MMPQ_DPU_WSTICS                 00010A58-R                                              WIND_L1_GET_MASS                000116E0-R  
MRQCOF                          00010F90-R                                              WIND_L1_GET_STICS               00011710-R  
MRQMIN                          00010F18-R                                              WIND_L1_OPEN                    00011940-R  
OMR_EFF                         00010190-R                                              WIND_L1_OPEN_NEXT               00011BC0-R  
SELECT_FILE                     00012298-R                                              WIND_L1_READ_SR                 00011D88-R  
SMS_MASS_SPEED                  00010DF0-R                                              WSTICSEFF                       00011310-R  
STICS_ION_VELOCITY              00010150-R                                              
T2_ION_IDENTIFIER               000111B0-R                                              
TELESCOPE_ID                    00010C40-R                                              
TICHAR                          000123A0-R                                              
TILOG                           00012498-R                                              
TIXDRC                          00012730-R                                              
TIXEIL                          000127B0-R                                              
TIXENT                          00012638-R                                              
TIXLRN                          000128F0-R                                              
USER_NMNQ_COEFF                 00010298-R                                              
USER_NMNQ_PHA_BINNED            00010020-R                                              
USER_REQUESTS_DATA_TYPE         00010230-R                                              
VOLTAGE_CHECK                   00011250-R                                              
VSHIFT_SPECTRA_MASS3D           00010630-R                                              
VXDCL                           00012A80-R                                              
WIND$_BADFILEHDR                081781C2                                                
WIND$_BADRECLEN                 081780F8                                                
WIND$_EMPTY                     08178100                                                
WIND$_FACILITY                  00000817                                                
WIND$_FILEFMT                   081780F0                                                
WIND$_FILNAMFMT                 081781BA                                                

SMS1:[WIND.SOFTWARE.STICS]VSHIFT_SPECTRA_MASS3D.EXE;6           23-SEP-1997 16:51        Linker A11-14                    Page    8
Symbol                          Value       Symbol                          Value       Symbol                          Value       
------                          -----       ------                          -----       ------                          -----       
	  Key for special characters above:
		+--------------------+
		! *  - Undefined     !
		! A  - Alias Name    !
		! I  - Internal Name !
		! U  - Universal     !
		! R  - Relocatable   !
		! X  - External      !
		! WK - Weak          !
		+--------------------+

SMS1:[WIND.SOFTWARE.STICS]VSHIFT_SPECTRA_MASS3D.EXE;6           23-SEP-1997 16:51        Linker A11-14                    Page    9
                                                 +----------------+
                                                 ! Image Synopsis !
                                                 +----------------+
Virtual memory allocated:                         00010000 003DFFFF 003D0000 (3997696. bytes, 7808. pages)
Stack size:                                             20. pages
Image header virtual block limits:                       1.        2. (    2. blocks)
Image binary virtual block limits:                       3.      235. (  233. blocks)
Image name and identification:                    VSHIFT_SPECTRA_MASS3D  
Number of files:                                        26.
Number of modules:                                      44.
Number of program sections:                             24.
Number of global symbols:                             1509.
Number of image sections:                               33.
User transfer address:                            00010630
Debugger transfer address:                        00000340
Number of code references to shareable images:          47.
Image type:                                       EXECUTABLE.
Map format:                                       DEFAULT in file SMS1:[WIND.SOFTWARE.STICS]VSHIFT_SPECTRA_MASS3D.MAP;6
Estimated map length:                             136. blocks
                                              +---------------------+
                                              ! Link Run Statistics !
                                              +---------------------+
Performance Indicators                            Page Faults	CPU Time	Elapsed Time
----------------------                            -----------	--------	------------
    Command processing:                                    43	00:00:00.18	00:00:00.22
    Pass 1:                                                59	00:00:00.38	00:00:01.57
    Allocation/Relocation:                                  7	00:00:00.01	00:00:00.08
    Pass 2:                                                28	00:00:00.32	00:00:01.20
    Map data after object module synopsis:                  4	00:00:00.05	00:00:00.06
    Symbol table output:                                    0	00:00:00.02	00:00:00.02
Total run values:                                         141	00:00:00.96	00:00:03.19
Using a working set limited to 6368 pages and 2265 pages of data storage (excluding image)
Total number object records read (both passes):   1352
    of which 340 were in libraries and 253 were DEBUG data records containing 40244 bytes
30716 bytes of DEBUG data were written,starting at VBN 236 with 60 blocks allocated
Number of modules extracted explicitly             = 0
    with 24 extracted to resolve undefined symbols
192 library searches were for symbols not in the library searched
A total of 0 global symbol table records was written
LINK/MAP VSHIFT_SPECTRA_MASS3D,DPU_EQ,MMPQ_DPU_WSTICS,DISSECT_STICS_PHA,DIRECTION_REQUESTS,TELESCOPE_ID,SMS_MASS_SPEED,MRQMIN_SW,MRQ
COF_SW,COVSRT_SW,GAUSSJ_SW,ION_IDENTIFIER,T2_ION_IDENTIFIER,VOLTAGE_CHECK,WSTICSEFF,LIB_DIR:L1LIB/LIB,LIB_DIR:WIND_LIB/LIB,LIB_DIR:X
TI_LIB/LIB
